// Jest Snapshot v1, https://goo.gl/fbAQLP

exports[`Index Page renders with 1 card correctly 1`] = `ShallowWrapper {}`;
